0 verbose cli C:\Program Files\nodejs\node.exe C:\Program Files\nodejs\node_modules\npm\bin\npm-cli.js
1 info using npm@11.6.2
2 info using node@v24.12.0
3 silly config load:file:C:\Program Files\nodejs\node_modules\npm\npmrc
4 silly config load:file:C:\Users\PRANAY TEJA\OneDrive\Documents\School Management\school-management-ui\.npmrc
5 silly config load:file:C:\Users\PRANAY TEJA\.npmrc
6 silly config load:file:C:\Users\PRANAY TEJA\AppData\Roaming\npm\etc\npmrc
7 verbose title npm install
8 verbose argv "install" "--cache" ".npm-cache" "--no-audit" "--no-fund"
9 verbose logfile logs-max:10 dir:C:\Users\PRANAY TEJA\OneDrive\Documents\School Management\school-management-ui\.npm-cache\_logs\2026-07-19T16_35_48_116Z-
10 verbose logfile C:\Users\PRANAY TEJA\OneDrive\Documents\School Management\school-management-ui\.npm-cache\_logs\2026-07-19T16_35_48_116Z-debug-0.log
11 silly logfile done cleaning log files
12 silly packumentCache heap:8640266240 maxSize:2160066560 maxEntrySize:1080033280
13 http fetch GET 200 https://registry.npmjs.org/npm 571ms
14 silly idealTree buildDeps
15 silly fetch manifest @angular/common@^21.0.0
16 silly packumentCache full:https://registry.npmjs.org/@angular%2fcommon cache-miss
17 http fetch GET 200 https://registry.npmjs.org/@angular%2fcommon 196ms (cache miss)
18 silly packumentCache full:https://registry.npmjs.org/@angular%2fcommon set size:undefined disposed:false
19 silly fetch manifest @angular/core@^21.0.0
20 silly packumentCache full:https://registry.npmjs.org/@angular%2fcore cache-miss
21 http fetch GET 200 https://registry.npmjs.org/@angular%2fcore 224ms (cache miss)
22 silly packumentCache full:https://registry.npmjs.org/@angular%2fcore set size:undefined disposed:false
23 silly fetch manifest @angular/compiler@^21.0.0
24 silly packumentCache full:https://registry.npmjs.org/@angular%2fcompiler cache-miss
25 http fetch GET 200 https://registry.npmjs.org/@angular%2fcompiler 410ms (cache miss)
26 silly packumentCache full:https://registry.npmjs.org/@angular%2fcompiler set size:undefined disposed:false
27 silly fetch manifest rxjs@~7.8.0
28 silly packumentCache full:https://registry.npmjs.org/rxjs cache-miss
29 http fetch GET 200 https://registry.npmjs.org/rxjs 335ms (cache miss)
30 silly packumentCache full:https://registry.npmjs.org/rxjs set size:undefined disposed:false
31 silly fetch manifest zone.js@~0.15.0 || ~0.16.0
32 silly packumentCache full:https://registry.npmjs.org/zone.js cache-miss
33 http fetch GET 200 https://registry.npmjs.org/zone.js 57ms (cache miss)
34 silly packumentCache full:https://registry.npmjs.org/zone.js set size:undefined disposed:false
35 silly placeDep ROOT @angular/common@21.2.18 REPLACE for: school-management-ui@0.0.0 want: ^21.0.0
36 silly placeDep ROOT rxjs@7.8.2 OK for: @angular/common@21.2.18 want: ^6.5.3 || ^7.4.0
37 silly fetch manifest @napi-rs/nice-darwin-x64@1.1.1
38 silly packumentCache full:https://registry.npmjs.org/@napi-rs%2fnice-darwin-x64 cache-miss
39 http fetch GET 200 https://registry.npmjs.org/@napi-rs%2fnice-darwin-x64 449ms (cache miss)
40 silly packumentCache full:https://registry.npmjs.org/@napi-rs%2fnice-darwin-x64 set size:undefined disposed:false
41 silly fetch manifest @napi-rs/nice-darwin-arm64@1.1.1
42 silly packumentCache full:https://registry.npmjs.org/@napi-rs%2fnice-darwin-arm64 cache-miss
43 http fetch GET 200 https://registry.npmjs.org/@napi-rs%2fnice-darwin-arm64 463ms (cache miss)
44 silly packumentCache full:https://registry.npmjs.org/@napi-rs%2fnice-darwin-arm64 set size:undefined disposed:false
45 silly fetch manifest @napi-rs/nice-linux-x64-gnu@1.1.1
46 silly packumentCache full:https://registry.npmjs.org/@napi-rs%2fnice-linux-x64-gnu cache-miss
47 http fetch GET 200 https://registry.npmjs.org/@napi-rs%2fnice-linux-x64-gnu 456ms (cache miss)
48 silly packumentCache full:https://registry.npmjs.org/@napi-rs%2fnice-linux-x64-gnu set size:undefined disposed:false
49 silly fetch manifest @napi-rs/nice-linux-x64-musl@1.1.1
50 silly packumentCache full:https://registry.npmjs.org/@napi-rs%2fnice-linux-x64-musl cache-miss
51 http fetch GET 200 https://registry.npmjs.org/@napi-rs%2fnice-linux-x64-musl 438ms (cache miss)
52 silly packumentCache full:https://registry.npmjs.org/@napi-rs%2fnice-linux-x64-musl set size:undefined disposed:false
53 silly fetch manifest @napi-rs/nice-linux-arm64-gnu@1.1.1
54 silly packumentCache full:https://registry.npmjs.org/@napi-rs%2fnice-linux-arm64-gnu cache-miss
55 http fetch GET 200 https://registry.npmjs.org/@napi-rs%2fnice-linux-arm64-gnu 190ms (cache miss)
56 silly packumentCache full:https://registry.npmjs.org/@napi-rs%2fnice-linux-arm64-gnu set size:undefined disposed:false
57 silly fetch manifest @napi-rs/nice-win32-ia32-msvc@1.1.1
58 silly packumentCache full:https://registry.npmjs.org/@napi-rs%2fnice-win32-ia32-msvc cache-miss
59 http fetch GET 200 https://registry.npmjs.org/@napi-rs%2fnice-win32-ia32-msvc 200ms (cache miss)
60 silly packumentCache full:https://registry.npmjs.org/@napi-rs%2fnice-win32-ia32-msvc set size:undefined disposed:false
61 silly fetch manifest @napi-rs/nice-linux-arm-gnueabihf@1.1.1
62 silly packumentCache full:https://registry.npmjs.org/@napi-rs%2fnice-linux-arm-gnueabihf cache-miss
63 http fetch GET 200 https://registry.npmjs.org/@napi-rs%2fnice-linux-arm-gnueabihf 211ms (cache miss)
64 silly packumentCache full:https://registry.npmjs.org/@napi-rs%2fnice-linux-arm-gnueabihf set size:undefined disposed:false
65 silly fetch manifest @napi-rs/nice-android-arm64@1.1.1
66 silly packumentCache full:https://registry.npmjs.org/@napi-rs%2fnice-android-arm64 cache-miss
67 http fetch GET 200 https://registry.npmjs.org/@napi-rs%2fnice-android-arm64 192ms (cache miss)
68 silly packumentCache full:https://registry.npmjs.org/@napi-rs%2fnice-android-arm64 set size:undefined disposed:false
69 silly fetch manifest @napi-rs/nice-freebsd-x64@1.1.1
70 silly packumentCache full:https://registry.npmjs.org/@napi-rs%2fnice-freebsd-x64 cache-miss
71 http fetch GET 200 https://registry.npmjs.org/@napi-rs%2fnice-freebsd-x64 175ms (cache miss)
72 silly packumentCache full:https://registry.npmjs.org/@napi-rs%2fnice-freebsd-x64 set size:undefined disposed:false
73 silly fetch manifest @napi-rs/nice-linux-arm64-musl@1.1.1
74 silly packumentCache full:https://registry.npmjs.org/@napi-rs%2fnice-linux-arm64-musl cache-miss
75 http fetch GET 200 https://registry.npmjs.org/@napi-rs%2fnice-linux-arm64-musl 204ms (cache miss)
76 silly packumentCache full:https://registry.npmjs.org/@napi-rs%2fnice-linux-arm64-musl set size:undefined disposed:false
77 silly fetch manifest @napi-rs/nice-android-arm-eabi@1.1.1
78 silly packumentCache full:https://registry.npmjs.org/@napi-rs%2fnice-android-arm-eabi cache-miss
79 http fetch GET 200 https://registry.npmjs.org/@napi-rs%2fnice-android-arm-eabi 429ms (cache miss)
80 silly packumentCache full:https://registry.npmjs.org/@napi-rs%2fnice-android-arm-eabi set size:undefined disposed:false
81 silly fetch manifest @napi-rs/nice-win32-arm64-msvc@1.1.1
82 silly packumentCache full:https://registry.npmjs.org/@napi-rs%2fnice-win32-arm64-msvc cache-miss
83 http fetch GET 200 https://registry.npmjs.org/@napi-rs%2fnice-win32-arm64-msvc 449ms (cache miss)
84 silly packumentCache full:https://registry.npmjs.org/@napi-rs%2fnice-win32-arm64-msvc set size:undefined disposed:false
85 silly fetch manifest @napi-rs/nice-linux-ppc64-gnu@1.1.1
86 silly packumentCache full:https://registry.npmjs.org/@napi-rs%2fnice-linux-ppc64-gnu cache-miss
87 http fetch GET 200 https://registry.npmjs.org/@napi-rs%2fnice-linux-ppc64-gnu 199ms (cache miss)
88 silly packumentCache full:https://registry.npmjs.org/@napi-rs%2fnice-linux-ppc64-gnu set size:undefined disposed:false
89 silly fetch manifest @napi-rs/nice-linux-s390x-gnu@1.1.1
90 silly packumentCache full:https://registry.npmjs.org/@napi-rs%2fnice-linux-s390x-gnu cache-miss
91 http fetch GET 200 https://registry.npmjs.org/@napi-rs%2fnice-linux-s390x-gnu 221ms (cache miss)
92 silly packumentCache full:https://registry.npmjs.org/@napi-rs%2fnice-linux-s390x-gnu set size:undefined disposed:false
93 silly fetch manifest @napi-rs/nice-linux-riscv64-gnu@1.1.1
94 silly packumentCache full:https://registry.npmjs.org/@napi-rs%2fnice-linux-riscv64-gnu cache-miss
95 http fetch GET 200 https://registry.npmjs.org/@napi-rs%2fnice-linux-riscv64-gnu 197ms (cache miss)
96 silly packumentCache full:https://registry.npmjs.org/@napi-rs%2fnice-linux-riscv64-gnu set size:undefined disposed:false
97 silly fetch manifest @napi-rs/nice-openharmony-arm64@1.1.1
98 silly packumentCache full:https://registry.npmjs.org/@napi-rs%2fnice-openharmony-arm64 cache-miss
99 http fetch GET 200 https://registry.npmjs.org/@napi-rs%2fnice-openharmony-arm64 463ms (cache miss)
100 silly packumentCache full:https://registry.npmjs.org/@napi-rs%2fnice-openharmony-arm64 set size:undefined disposed:false
101 silly placeDep ROOT @napi-rs/nice-android-arm-eabi@1.1.1 OK for: @napi-rs/nice@1.1.1 want: 1.1.1
102 silly placeDep ROOT @napi-rs/nice-android-arm64@1.1.1 OK for: @napi-rs/nice@1.1.1 want: 1.1.1
103 silly placeDep ROOT @napi-rs/nice-darwin-arm64@1.1.1 OK for: @napi-rs/nice@1.1.1 want: 1.1.1
104 silly placeDep ROOT @napi-rs/nice-darwin-x64@1.1.1 OK for: @napi-rs/nice@1.1.1 want: 1.1.1
105 silly placeDep ROOT @napi-rs/nice-freebsd-x64@1.1.1 OK for: @napi-rs/nice@1.1.1 want: 1.1.1
106 silly placeDep ROOT @napi-rs/nice-linux-arm-gnueabihf@1.1.1 OK for: @napi-rs/nice@1.1.1 want: 1.1.1
107 silly placeDep ROOT @napi-rs/nice-linux-arm64-gnu@1.1.1 OK for: @napi-rs/nice@1.1.1 want: 1.1.1
108 silly placeDep ROOT @napi-rs/nice-linux-arm64-musl@1.1.1 OK for: @napi-rs/nice@1.1.1 want: 1.1.1
109 silly placeDep ROOT @napi-rs/nice-linux-ppc64-gnu@1.1.1 OK for: @napi-rs/nice@1.1.1 want: 1.1.1
110 silly placeDep ROOT @napi-rs/nice-linux-riscv64-gnu@1.1.1 OK for: @napi-rs/nice@1.1.1 want: 1.1.1
111 silly placeDep ROOT @napi-rs/nice-linux-s390x-gnu@1.1.1 OK for: @napi-rs/nice@1.1.1 want: 1.1.1
112 silly placeDep ROOT @napi-rs/nice-linux-x64-gnu@1.1.1 OK for: @napi-rs/nice@1.1.1 want: 1.1.1
113 silly placeDep ROOT @napi-rs/nice-linux-x64-musl@1.1.1 OK for: @napi-rs/nice@1.1.1 want: 1.1.1
114 silly placeDep ROOT @napi-rs/nice-openharmony-arm64@1.1.1 OK for: @napi-rs/nice@1.1.1 want: 1.1.1
115 silly placeDep ROOT @napi-rs/nice-win32-arm64-msvc@1.1.1 OK for: @napi-rs/nice@1.1.1 want: 1.1.1
116 silly placeDep ROOT @napi-rs/nice-win32-ia32-msvc@1.1.1 OK for: @napi-rs/nice@1.1.1 want: 1.1.1
117 silly fetch manifest @parcel/watcher-darwin-x64@2.5.6
118 silly packumentCache full:https://registry.npmjs.org/@parcel%2fwatcher-darwin-x64 cache-miss
119 http fetch GET 200 https://registry.npmjs.org/@parcel%2fwatcher-darwin-x64 431ms (cache miss)
120 silly packumentCache full:https://registry.npmjs.org/@parcel%2fwatcher-darwin-x64 set size:undefined disposed:false
121 silly fetch manifest @parcel/watcher-darwin-arm64@2.5.6
122 silly packumentCache full:https://registry.npmjs.org/@parcel%2fwatcher-darwin-arm64 cache-miss
123 http fetch GET 200 https://registry.npmjs.org/@parcel%2fwatcher-darwin-arm64 197ms (cache miss)
124 silly packumentCache full:https://registry.npmjs.org/@parcel%2fwatcher-darwin-arm64 set size:undefined disposed:false
125 silly fetch manifest @parcel/watcher-win32-arm64@2.5.6
126 silly packumentCache full:https://registry.npmjs.org/@parcel%2fwatcher-win32-arm64 cache-miss
127 http fetch GET 200 https://registry.npmjs.org/@parcel%2fwatcher-win32-arm64 181ms (cache miss)
128 silly packumentCache full:https://registry.npmjs.org/@parcel%2fwatcher-win32-arm64 set size:undefined disposed:false
129 silly fetch manifest @parcel/watcher-win32-ia32@2.5.6
130 silly packumentCache full:https://registry.npmjs.org/@parcel%2fwatcher-win32-ia32 cache-miss
131 http fetch GET 200 https://registry.npmjs.org/@parcel%2fwatcher-win32-ia32 208ms (cache miss)
132 silly packumentCache full:https://registry.npmjs.org/@parcel%2fwatcher-win32-ia32 set size:undefined disposed:false
133 silly fetch manifest @parcel/watcher-linux-x64-glibc@2.5.6
134 silly packumentCache full:https://registry.npmjs.org/@parcel%2fwatcher-linux-x64-glibc cache-miss
135 http fetch GET 200 https://registry.npmjs.org/@parcel%2fwatcher-linux-x64-glibc 195ms (cache miss)
136 silly packumentCache full:https://registry.npmjs.org/@parcel%2fwatcher-linux-x64-glibc set size:undefined disposed:false
137 silly fetch manifest @parcel/watcher-linux-x64-musl@2.5.6
138 silly packumentCache full:https://registry.npmjs.org/@parcel%2fwatcher-linux-x64-musl cache-miss
139 http fetch GET 200 https://registry.npmjs.org/@parcel%2fwatcher-linux-x64-musl 200ms (cache miss)
140 silly packumentCache full:https://registry.npmjs.org/@parcel%2fwatcher-linux-x64-musl set size:undefined disposed:false
141 silly fetch manifest @parcel/watcher-linux-arm64-glibc@2.5.6
142 silly packumentCache full:https://registry.npmjs.org/@parcel%2fwatcher-linux-arm64-glibc cache-miss
143 http fetch GET 200 https://registry.npmjs.org/@parcel%2fwatcher-linux-arm64-glibc 199ms (cache miss)
144 silly packumentCache full:https://registry.npmjs.org/@parcel%2fwatcher-linux-arm64-glibc set size:undefined disposed:false
145 silly fetch manifest @parcel/watcher-linux-arm64-musl@2.5.6
146 silly packumentCache full:https://registry.npmjs.org/@parcel%2fwatcher-linux-arm64-musl cache-miss
147 http fetch GET 200 https://registry.npmjs.org/@parcel%2fwatcher-linux-arm64-musl 182ms (cache miss)
148 silly packumentCache full:https://registry.npmjs.org/@parcel%2fwatcher-linux-arm64-musl set size:undefined disposed:false
149 silly fetch manifest @parcel/watcher-linux-arm-glibc@2.5.6
150 silly packumentCache full:https://registry.npmjs.org/@parcel%2fwatcher-linux-arm-glibc cache-miss
151 http fetch GET 200 https://registry.npmjs.org/@parcel%2fwatcher-linux-arm-glibc 226ms (cache miss)
152 silly packumentCache full:https://registry.npmjs.org/@parcel%2fwatcher-linux-arm-glibc set size:undefined disposed:false
153 silly fetch manifest @parcel/watcher-linux-arm-musl@2.5.6
154 silly packumentCache full:https://registry.npmjs.org/@parcel%2fwatcher-linux-arm-musl cache-miss
155 http fetch GET 200 https://registry.npmjs.org/@parcel%2fwatcher-linux-arm-musl 188ms (cache miss)
156 silly packumentCache full:https://registry.npmjs.org/@parcel%2fwatcher-linux-arm-musl set size:undefined disposed:false
157 silly fetch manifest @parcel/watcher-android-arm64@2.5.6
158 silly packumentCache full:https://registry.npmjs.org/@parcel%2fwatcher-android-arm64 cache-miss
159 http fetch GET 200 https://registry.npmjs.org/@parcel%2fwatcher-android-arm64 658ms (cache miss)
160 silly packumentCache full:https://registry.npmjs.org/@parcel%2fwatcher-android-arm64 set size:undefined disposed:false
161 silly fetch manifest @parcel/watcher-freebsd-x64@2.5.6
162 silly packumentCache full:https://registry.npmjs.org/@parcel%2fwatcher-freebsd-x64 cache-miss
163 http fetch GET 200 https://registry.npmjs.org/@parcel%2fwatcher-freebsd-x64 433ms (cache miss)
164 silly packumentCache full:https://registry.npmjs.org/@parcel%2fwatcher-freebsd-x64 set size:undefined disposed:false
165 silly placeDep ROOT @parcel/watcher-android-arm64@2.5.6 OK for: @parcel/watcher@2.5.6 want: 2.5.6
166 silly placeDep ROOT @parcel/watcher-darwin-arm64@2.5.6 OK for: @parcel/watcher@2.5.6 want: 2.5.6
167 silly placeDep ROOT @parcel/watcher-darwin-x64@2.5.6 OK for: @parcel/watcher@2.5.6 want: 2.5.6
168 silly placeDep ROOT @parcel/watcher-freebsd-x64@2.5.6 OK for: @parcel/watcher@2.5.6 want: 2.5.6
169 silly placeDep ROOT @parcel/watcher-linux-arm-glibc@2.5.6 OK for: @parcel/watcher@2.5.6 want: 2.5.6
170 silly placeDep ROOT @parcel/watcher-linux-arm-musl@2.5.6 OK for: @parcel/watcher@2.5.6 want: 2.5.6
171 silly placeDep ROOT @parcel/watcher-linux-arm64-glibc@2.5.6 OK for: @parcel/watcher@2.5.6 want: 2.5.6
172 silly placeDep ROOT @parcel/watcher-linux-arm64-musl@2.5.6 OK for: @parcel/watcher@2.5.6 want: 2.5.6
173 silly placeDep ROOT @parcel/watcher-linux-x64-glibc@2.5.6 OK for: @parcel/watcher@2.5.6 want: 2.5.6
174 silly placeDep ROOT @parcel/watcher-linux-x64-musl@2.5.6 OK for: @parcel/watcher@2.5.6 want: 2.5.6
175 silly placeDep ROOT @parcel/watcher-win32-arm64@2.5.6 OK for: @parcel/watcher@2.5.6 want: 2.5.6
176 silly placeDep ROOT @parcel/watcher-win32-ia32@2.5.6 OK for: @parcel/watcher@2.5.6 want: 2.5.6
177 silly fetch manifest @esbuild/aix-ppc64@0.28.1
178 silly packumentCache full:https://registry.npmjs.org/@esbuild%2faix-ppc64 cache-miss
179 http fetch GET 200 https://registry.npmjs.org/@esbuild%2faix-ppc64 293ms (cache miss)
180 silly packumentCache full:https://registry.npmjs.org/@esbuild%2faix-ppc64 set size:undefined disposed:false
181 silly fetch manifest @esbuild/android-arm@0.28.1
182 silly packumentCache full:https://registry.npmjs.org/@esbuild%2fandroid-arm cache-miss
183 http fetch GET 200 https://registry.npmjs.org/@esbuild%2fandroid-arm 487ms (cache miss)
184 silly packumentCache full:https://registry.npmjs.org/@esbuild%2fandroid-arm set size:undefined disposed:false
185 silly fetch manifest @esbuild/android-arm64@0.28.1
186 silly packumentCache full:https://registry.npmjs.org/@esbuild%2fandroid-arm64 cache-miss
187 http fetch GET 200 https://registry.npmjs.org/@esbuild%2fandroid-arm64 205ms (cache miss)
188 silly packumentCache full:https://registry.npmjs.org/@esbuild%2fandroid-arm64 set size:undefined disposed:false
189 silly fetch manifest @esbuild/android-x64@0.28.1
190 silly packumentCache full:https://registry.npmjs.org/@esbuild%2fandroid-x64 cache-miss
191 http fetch GET 200 https://registry.npmjs.org/@esbuild%2fandroid-x64 218ms (cache miss)
192 silly packumentCache full:https://registry.npmjs.org/@esbuild%2fandroid-x64 set size:undefined disposed:false
193 silly fetch manifest @esbuild/darwin-arm64@0.28.1
194 silly packumentCache full:https://registry.npmjs.org/@esbuild%2fdarwin-arm64 cache-miss
195 http fetch GET 200 https://registry.npmjs.org/@esbuild%2fdarwin-arm64 455ms (cache miss)
196 silly packumentCache full:https://registry.npmjs.org/@esbuild%2fdarwin-arm64 set size:undefined disposed:false
197 silly fetch manifest @esbuild/darwin-x64@0.28.1
198 silly packumentCache full:https://registry.npmjs.org/@esbuild%2fdarwin-x64 cache-miss
199 http fetch GET 200 https://registry.npmjs.org/@esbuild%2fdarwin-x64 449ms (cache miss)
200 silly packumentCache full:https://registry.npmjs.org/@esbuild%2fdarwin-x64 set size:undefined disposed:false
201 silly fetch manifest @esbuild/freebsd-arm64@0.28.1
202 silly packumentCache full:https://registry.npmjs.org/@esbuild%2ffreebsd-arm64 cache-miss
203 http fetch GET 200 https://registry.npmjs.org/@esbuild%2ffreebsd-arm64 444ms (cache miss)
204 silly packumentCache full:https://registry.npmjs.org/@esbuild%2ffreebsd-arm64 set size:undefined disposed:false
205 silly fetch manifest @esbuild/freebsd-x64@0.28.1
206 silly packumentCache full:https://registry.npmjs.org/@esbuild%2ffreebsd-x64 cache-miss
207 http fetch GET 200 https://registry.npmjs.org/@esbuild%2ffreebsd-x64 232ms (cache miss)
208 silly packumentCache full:https://registry.npmjs.org/@esbuild%2ffreebsd-x64 set size:undefined disposed:false
209 silly fetch manifest @esbuild/linux-arm@0.28.1
210 silly packumentCache full:https://registry.npmjs.org/@esbuild%2flinux-arm cache-miss
211 http fetch GET 200 https://registry.npmjs.org/@esbuild%2flinux-arm 226ms (cache miss)
212 silly packumentCache full:https://registry.npmjs.org/@esbuild%2flinux-arm set size:undefined disposed:false
213 silly fetch manifest @esbuild/linux-arm64@0.28.1
214 silly packumentCache full:https://registry.npmjs.org/@esbuild%2flinux-arm64 cache-miss
215 http fetch GET 200 https://registry.npmjs.org/@esbuild%2flinux-arm64 299ms (cache miss)
216 silly packumentCache full:https://registry.npmjs.org/@esbuild%2flinux-arm64 set size:undefined disposed:false
217 silly fetch manifest @esbuild/linux-ia32@0.28.1
218 silly packumentCache full:https://registry.npmjs.org/@esbuild%2flinux-ia32 cache-miss
219 http fetch GET 200 https://registry.npmjs.org/@esbuild%2flinux-ia32 486ms (cache miss)
220 silly packumentCache full:https://registry.npmjs.org/@esbuild%2flinux-ia32 set size:undefined disposed:false
221 silly fetch manifest @esbuild/linux-loong64@0.28.1
222 silly packumentCache full:https://registry.npmjs.org/@esbuild%2flinux-loong64 cache-miss
223 http fetch GET 200 https://registry.npmjs.org/@esbuild%2flinux-loong64 734ms (cache miss)
224 silly packumentCache full:https://registry.npmjs.org/@esbuild%2flinux-loong64 set size:undefined disposed:false
225 silly fetch manifest @esbuild/linux-mips64el@0.28.1
226 silly packumentCache full:https://registry.npmjs.org/@esbuild%2flinux-mips64el cache-miss
227 http fetch GET 200 https://registry.npmjs.org/@esbuild%2flinux-mips64el 245ms (cache miss)
228 silly packumentCache full:https://registry.npmjs.org/@esbuild%2flinux-mips64el set size:undefined disposed:false
229 silly fetch manifest @esbuild/linux-ppc64@0.28.1
230 silly packumentCache full:https://registry.npmjs.org/@esbuild%2flinux-ppc64 cache-miss
231 http fetch GET 200 https://registry.npmjs.org/@esbuild%2flinux-ppc64 470ms (cache miss)
232 silly packumentCache full:https://registry.npmjs.org/@esbuild%2flinux-ppc64 set size:undefined disposed:false
233 silly fetch manifest @esbuild/linux-riscv64@0.28.1
234 silly packumentCache full:https://registry.npmjs.org/@esbuild%2flinux-riscv64 cache-miss
235 http fetch GET 200 https://registry.npmjs.org/@esbuild%2flinux-riscv64 457ms (cache miss)
236 silly packumentCache full:https://registry.npmjs.org/@esbuild%2flinux-riscv64 set size:undefined disposed:false
237 silly fetch manifest @esbuild/linux-s390x@0.28.1
238 silly packumentCache full:https://registry.npmjs.org/@esbuild%2flinux-s390x cache-miss
239 http fetch GET 200 https://registry.npmjs.org/@esbuild%2flinux-s390x 435ms (cache miss)
240 silly packumentCache full:https://registry.npmjs.org/@esbuild%2flinux-s390x set size:undefined disposed:false
241 silly fetch manifest @esbuild/linux-x64@0.28.1
242 silly packumentCache full:https://registry.npmjs.org/@esbuild%2flinux-x64 cache-miss
243 http fetch GET 200 https://registry.npmjs.org/@esbuild%2flinux-x64 214ms (cache miss)
244 silly packumentCache full:https://registry.npmjs.org/@esbuild%2flinux-x64 set size:undefined disposed:false
245 silly fetch manifest @esbuild/netbsd-arm64@0.28.1
246 silly packumentCache full:https://registry.npmjs.org/@esbuild%2fnetbsd-arm64 cache-miss
247 http fetch GET 200 https://registry.npmjs.org/@esbuild%2fnetbsd-arm64 714ms (cache miss)
248 silly packumentCache full:https://registry.npmjs.org/@esbuild%2fnetbsd-arm64 set size:undefined disposed:false
249 silly fetch manifest @esbuild/netbsd-x64@0.28.1
250 silly packumentCache full:https://registry.npmjs.org/@esbuild%2fnetbsd-x64 cache-miss
251 http fetch GET 200 https://registry.npmjs.org/@esbuild%2fnetbsd-x64 459ms (cache miss)
252 silly packumentCache full:https://registry.npmjs.org/@esbuild%2fnetbsd-x64 set size:undefined disposed:false
253 silly fetch manifest @esbuild/openbsd-arm64@0.28.1
254 silly packumentCache full:https://registry.npmjs.org/@esbuild%2fopenbsd-arm64 cache-miss
255 http fetch GET 200 https://registry.npmjs.org/@esbuild%2fopenbsd-arm64 187ms (cache miss)
256 silly packumentCache full:https://registry.npmjs.org/@esbuild%2fopenbsd-arm64 set size:undefined disposed:false
257 silly fetch manifest @esbuild/openbsd-x64@0.28.1
258 silly packumentCache full:https://registry.npmjs.org/@esbuild%2fopenbsd-x64 cache-miss
259 http fetch GET 200 https://registry.npmjs.org/@esbuild%2fopenbsd-x64 685ms (cache miss)
260 silly packumentCache full:https://registry.npmjs.org/@esbuild%2fopenbsd-x64 set size:undefined disposed:false
261 silly fetch manifest @esbuild/openharmony-arm64@0.28.1
262 silly packumentCache full:https://registry.npmjs.org/@esbuild%2fopenharmony-arm64 cache-miss
263 http fetch GET 200 https://registry.npmjs.org/@esbuild%2fopenharmony-arm64 286ms (cache miss)
264 silly packumentCache full:https://registry.npmjs.org/@esbuild%2fopenharmony-arm64 set size:undefined disposed:false
265 silly fetch manifest @esbuild/sunos-x64@0.28.1
266 silly packumentCache full:https://registry.npmjs.org/@esbuild%2fsunos-x64 cache-miss
267 http fetch GET 200 https://registry.npmjs.org/@esbuild%2fsunos-x64 202ms (cache miss)
268 silly packumentCache full:https://registry.npmjs.org/@esbuild%2fsunos-x64 set size:undefined disposed:false
269 silly fetch manifest @esbuild/win32-arm64@0.28.1
270 silly packumentCache full:https://registry.npmjs.org/@esbuild%2fwin32-arm64 cache-miss
271 http fetch GET 200 https://registry.npmjs.org/@esbuild%2fwin32-arm64 49ms (cache miss)
272 silly packumentCache full:https://registry.npmjs.org/@esbuild%2fwin32-arm64 set size:undefined disposed:false
273 silly fetch manifest @esbuild/win32-ia32@0.28.1
274 silly packumentCache full:https://registry.npmjs.org/@esbuild%2fwin32-ia32 cache-miss
275 http fetch GET 200 https://registry.npmjs.org/@esbuild%2fwin32-ia32 56ms (cache miss)
276 silly packumentCache full:https://registry.npmjs.org/@esbuild%2fwin32-ia32 set size:undefined disposed:false
277 silly placeDep ROOT @esbuild/aix-ppc64@0.28.1 OK for: esbuild@0.28.1 want: 0.28.1
278 silly placeDep ROOT @esbuild/android-arm@0.28.1 OK for: esbuild@0.28.1 want: 0.28.1
279 silly placeDep ROOT @esbuild/android-arm64@0.28.1 OK for: esbuild@0.28.1 want: 0.28.1
280 silly placeDep ROOT @esbuild/android-x64@0.28.1 OK for: esbuild@0.28.1 want: 0.28.1
281 silly placeDep ROOT @esbuild/darwin-arm64@0.28.1 OK for: esbuild@0.28.1 want: 0.28.1
282 silly placeDep ROOT @esbuild/darwin-x64@0.28.1 OK for: esbuild@0.28.1 want: 0.28.1
283 silly placeDep ROOT @esbuild/freebsd-arm64@0.28.1 OK for: esbuild@0.28.1 want: 0.28.1
284 silly placeDep ROOT @esbuild/freebsd-x64@0.28.1 OK for: esbuild@0.28.1 want: 0.28.1
285 silly placeDep ROOT @esbuild/linux-arm@0.28.1 OK for: esbuild@0.28.1 want: 0.28.1
286 silly placeDep ROOT @esbuild/linux-arm64@0.28.1 OK for: esbuild@0.28.1 want: 0.28.1
287 silly placeDep ROOT @esbuild/linux-ia32@0.28.1 OK for: esbuild@0.28.1 want: 0.28.1
288 silly placeDep ROOT @esbuild/linux-loong64@0.28.1 OK for: esbuild@0.28.1 want: 0.28.1
289 silly placeDep ROOT @esbuild/linux-mips64el@0.28.1 OK for: esbuild@0.28.1 want: 0.28.1
290 silly placeDep ROOT @esbuild/linux-ppc64@0.28.1 OK for: esbuild@0.28.1 want: 0.28.1
291 silly placeDep ROOT @esbuild/linux-riscv64@0.28.1 OK for: esbuild@0.28.1 want: 0.28.1
292 silly placeDep ROOT @esbuild/linux-s390x@0.28.1 OK for: esbuild@0.28.1 want: 0.28.1
293 silly placeDep ROOT @esbuild/linux-x64@0.28.1 OK for: esbuild@0.28.1 want: 0.28.1
294 silly placeDep ROOT @esbuild/netbsd-arm64@0.28.1 OK for: esbuild@0.28.1 want: 0.28.1
295 silly placeDep ROOT @esbuild/netbsd-x64@0.28.1 OK for: esbuild@0.28.1 want: 0.28.1
296 silly placeDep ROOT @esbuild/openbsd-arm64@0.28.1 OK for: esbuild@0.28.1 want: 0.28.1
297 silly placeDep ROOT @esbuild/openbsd-x64@0.28.1 OK for: esbuild@0.28.1 want: 0.28.1
298 silly placeDep ROOT @esbuild/openharmony-arm64@0.28.1 OK for: esbuild@0.28.1 want: 0.28.1
299 silly placeDep ROOT @esbuild/sunos-x64@0.28.1 OK for: esbuild@0.28.1 want: 0.28.1
300 silly placeDep ROOT @esbuild/win32-arm64@0.28.1 OK for: esbuild@0.28.1 want: 0.28.1
301 silly placeDep ROOT @esbuild/win32-ia32@0.28.1 OK for: esbuild@0.28.1 want: 0.28.1
302 silly fetch manifest @lmdb/lmdb-darwin-arm64@3.5.1
303 silly packumentCache full:https://registry.npmjs.org/@lmdb%2flmdb-darwin-arm64 cache-miss
304 http fetch GET 200 https://registry.npmjs.org/@lmdb%2flmdb-darwin-arm64 726ms (cache miss)
305 silly packumentCache full:https://registry.npmjs.org/@lmdb%2flmdb-darwin-arm64 set size:undefined disposed:false
306 silly fetch manifest @lmdb/lmdb-darwin-x64@3.5.1
307 silly packumentCache full:https://registry.npmjs.org/@lmdb%2flmdb-darwin-x64 cache-miss
308 http fetch GET 200 https://registry.npmjs.org/@lmdb%2flmdb-darwin-x64 236ms (cache miss)
309 silly packumentCache full:https://registry.npmjs.org/@lmdb%2flmdb-darwin-x64 set size:undefined disposed:false
310 silly fetch manifest @lmdb/lmdb-linux-arm@3.5.1
311 silly packumentCache full:https://registry.npmjs.org/@lmdb%2flmdb-linux-arm cache-miss
312 http fetch GET 200 https://registry.npmjs.org/@lmdb%2flmdb-linux-arm 683ms (cache miss)
313 silly packumentCache full:https://registry.npmjs.org/@lmdb%2flmdb-linux-arm set size:undefined disposed:false
314 silly fetch manifest @lmdb/lmdb-linux-arm64@3.5.1
315 silly packumentCache full:https://registry.npmjs.org/@lmdb%2flmdb-linux-arm64 cache-miss
316 http fetch GET 200 https://registry.npmjs.org/@lmdb%2flmdb-linux-arm64 208ms (cache miss)
317 silly packumentCache full:https://registry.npmjs.org/@lmdb%2flmdb-linux-arm64 set size:undefined disposed:false
318 silly fetch manifest @lmdb/lmdb-linux-x64@3.5.1
319 silly packumentCache full:https://registry.npmjs.org/@lmdb%2flmdb-linux-x64 cache-miss
320 http fetch GET 200 https://registry.npmjs.org/@lmdb%2flmdb-linux-x64 455ms (cache miss)
321 silly packumentCache full:https://registry.npmjs.org/@lmdb%2flmdb-linux-x64 set size:undefined disposed:false
322 silly fetch manifest @lmdb/lmdb-win32-arm64@3.5.1
323 silly packumentCache full:https://registry.npmjs.org/@lmdb%2flmdb-win32-arm64 cache-miss
324 http fetch GET 200 https://registry.npmjs.org/@lmdb%2flmdb-win32-arm64 468ms (cache miss)
325 silly packumentCache full:https://registry.npmjs.org/@lmdb%2flmdb-win32-arm64 set size:undefined disposed:false
326 silly placeDep ROOT @lmdb/lmdb-darwin-arm64@3.5.1 OK for: lmdb@3.5.1 want: 3.5.1
327 silly placeDep ROOT @lmdb/lmdb-darwin-x64@3.5.1 OK for: lmdb@3.5.1 want: 3.5.1
328 silly placeDep ROOT @lmdb/lmdb-linux-arm@3.5.1 OK for: lmdb@3.5.1 want: 3.5.1
329 silly placeDep ROOT @lmdb/lmdb-linux-arm64@3.5.1 OK for: lmdb@3.5.1 want: 3.5.1
330 silly placeDep ROOT @lmdb/lmdb-linux-x64@3.5.1 OK for: lmdb@3.5.1 want: 3.5.1
331 silly placeDep ROOT @lmdb/lmdb-win32-arm64@3.5.1 OK for: lmdb@3.5.1 want: 3.5.1
332 silly fetch manifest @msgpackr-extract/msgpackr-extract-darwin-arm64@3.0.4
333 silly packumentCache full:https://registry.npmjs.org/@msgpackr-extract%2fmsgpackr-extract-darwin-arm64 cache-miss
334 http fetch GET 200 https://registry.npmjs.org/@msgpackr-extract%2fmsgpackr-extract-darwin-arm64 685ms (cache miss)
335 silly packumentCache full:https://registry.npmjs.org/@msgpackr-extract%2fmsgpackr-extract-darwin-arm64 set size:undefined disposed:false
336 silly fetch manifest @msgpackr-extract/msgpackr-extract-darwin-x64@3.0.4
337 silly packumentCache full:https://registry.npmjs.org/@msgpackr-extract%2fmsgpackr-extract-darwin-x64 cache-miss
338 http fetch GET 200 https://registry.npmjs.org/@msgpackr-extract%2fmsgpackr-extract-darwin-x64 200ms (cache miss)
339 silly packumentCache full:https://registry.npmjs.org/@msgpackr-extract%2fmsgpackr-extract-darwin-x64 set size:undefined disposed:false
340 silly fetch manifest @msgpackr-extract/msgpackr-extract-linux-arm@3.0.4
341 silly packumentCache full:https://registry.npmjs.org/@msgpackr-extract%2fmsgpackr-extract-linux-arm cache-miss
342 http fetch GET 200 https://registry.npmjs.org/@msgpackr-extract%2fmsgpackr-extract-linux-arm 212ms (cache miss)
343 silly packumentCache full:https://registry.npmjs.org/@msgpackr-extract%2fmsgpackr-extract-linux-arm set size:undefined disposed:false
344 silly fetch manifest @msgpackr-extract/msgpackr-extract-linux-arm64@3.0.4
345 silly packumentCache full:https://registry.npmjs.org/@msgpackr-extract%2fmsgpackr-extract-linux-arm64 cache-miss
346 http fetch GET 200 https://registry.npmjs.org/@msgpackr-extract%2fmsgpackr-extract-linux-arm64 216ms (cache miss)
347 silly packumentCache full:https://registry.npmjs.org/@msgpackr-extract%2fmsgpackr-extract-linux-arm64 set size:undefined disposed:false
348 silly fetch manifest @msgpackr-extract/msgpackr-extract-linux-x64@3.0.4
349 silly packumentCache full:https://registry.npmjs.org/@msgpackr-extract%2fmsgpackr-extract-linux-x64 cache-miss
350 http fetch GET 200 https://registry.npmjs.org/@msgpackr-extract%2fmsgpackr-extract-linux-x64 432ms (cache miss)
351 silly packumentCache full:https://registry.npmjs.org/@msgpackr-extract%2fmsgpackr-extract-linux-x64 set size:undefined disposed:false
352 silly placeDep ROOT @msgpackr-extract/msgpackr-extract-darwin-arm64@3.0.4 OK for: msgpackr-extract@3.0.4 want: 3.0.4
353 silly placeDep ROOT @msgpackr-extract/msgpackr-extract-darwin-x64@3.0.4 OK for: msgpackr-extract@3.0.4 want: 3.0.4
354 silly placeDep ROOT @msgpackr-extract/msgpackr-extract-linux-arm@3.0.4 OK for: msgpackr-extract@3.0.4 want: 3.0.4
355 silly placeDep ROOT @msgpackr-extract/msgpackr-extract-linux-arm64@3.0.4 OK for: msgpackr-extract@3.0.4 want: 3.0.4
356 silly placeDep ROOT @msgpackr-extract/msgpackr-extract-linux-x64@3.0.4 OK for: msgpackr-extract@3.0.4 want: 3.0.4
357 silly fetch manifest @rolldown/binding-darwin-x64@1.0.0-rc.4
358 silly packumentCache full:https://registry.npmjs.org/@rolldown%2fbinding-darwin-x64 cache-miss
359 http fetch GET 200 https://registry.npmjs.org/@rolldown%2fbinding-darwin-x64 108ms (cache miss)
360 silly packumentCache full:https://registry.npmjs.org/@rolldown%2fbinding-darwin-x64 set size:undefined disposed:false
361 silly fetch manifest @rolldown/binding-linux-x64-gnu@1.0.0-rc.4
362 silly packumentCache full:https://registry.npmjs.org/@rolldown%2fbinding-linux-x64-gnu cache-miss
363 http fetch GET 200 https://registry.npmjs.org/@rolldown%2fbinding-linux-x64-gnu 118ms (cache miss)
364 silly packumentCache full:https://registry.npmjs.org/@rolldown%2fbinding-linux-x64-gnu set size:undefined disposed:false
365 silly fetch manifest @rolldown/binding-linux-x64-musl@1.0.0-rc.4
366 silly packumentCache full:https://registry.npmjs.org/@rolldown%2fbinding-linux-x64-musl cache-miss
367 http fetch GET 200 https://registry.npmjs.org/@rolldown%2fbinding-linux-x64-musl 104ms (cache miss)
368 silly packumentCache full:https://registry.npmjs.org/@rolldown%2fbinding-linux-x64-musl set size:undefined disposed:false
369 silly fetch manifest @rolldown/binding-freebsd-x64@1.0.0-rc.4
370 silly packumentCache full:https://registry.npmjs.org/@rolldown%2fbinding-freebsd-x64 cache-miss
371 http fetch GET 200 https://registry.npmjs.org/@rolldown%2fbinding-freebsd-x64 92ms (cache miss)
372 silly packumentCache full:https://registry.npmjs.org/@rolldown%2fbinding-freebsd-x64 set size:undefined disposed:false
373 silly fetch manifest @rolldown/binding-linux-arm-gnueabihf@1.0.0-rc.4
374 silly packumentCache full:https://registry.npmjs.org/@rolldown%2fbinding-linux-arm-gnueabihf cache-miss
375 http fetch GET 200 https://registry.npmjs.org/@rolldown%2fbinding-linux-arm-gnueabihf 108ms (cache miss)
376 silly packumentCache full:https://registry.npmjs.org/@rolldown%2fbinding-linux-arm-gnueabihf set size:undefined disposed:false
377 silly fetch manifest @rolldown/binding-linux-arm64-gnu@1.0.0-rc.4
378 silly packumentCache full:https://registry.npmjs.org/@rolldown%2fbinding-linux-arm64-gnu cache-miss
379 http fetch GET 200 https://registry.npmjs.org/@rolldown%2fbinding-linux-arm64-gnu 104ms (cache miss)
380 silly packumentCache full:https://registry.npmjs.org/@rolldown%2fbinding-linux-arm64-gnu set size:undefined disposed:false
381 silly fetch manifest @rolldown/binding-darwin-arm64@1.0.0-rc.4
382 silly packumentCache full:https://registry.npmjs.org/@rolldown%2fbinding-darwin-arm64 cache-miss
383 http fetch GET 200 https://registry.npmjs.org/@rolldown%2fbinding-darwin-arm64 347ms (cache miss)
384 silly packumentCache full:https://registry.npmjs.org/@rolldown%2fbinding-darwin-arm64 set size:undefined disposed:false
385 silly fetch manifest @rolldown/binding-linux-arm64-musl@1.0.0-rc.4
386 silly packumentCache full:https://registry.npmjs.org/@rolldown%2fbinding-linux-arm64-musl cache-miss
387 http fetch GET 200 https://registry.npmjs.org/@rolldown%2fbinding-linux-arm64-musl 125ms (cache miss)
388 silly packumentCache full:https://registry.npmjs.org/@rolldown%2fbinding-linux-arm64-musl set size:undefined disposed:false
389 silly fetch manifest @rolldown/binding-openharmony-arm64@1.0.0-rc.4
390 silly packumentCache full:https://registry.npmjs.org/@rolldown%2fbinding-openharmony-arm64 cache-miss
391 http fetch GET 200 https://registry.npmjs.org/@rolldown%2fbinding-openharmony-arm64 67ms (cache miss)
392 silly packumentCache full:https://registry.npmjs.org/@rolldown%2fbinding-openharmony-arm64 set size:undefined disposed:false
393 silly fetch manifest @rolldown/binding-win32-arm64-msvc@1.0.0-rc.4
394 silly packumentCache full:https://registry.npmjs.org/@rolldown%2fbinding-win32-arm64-msvc cache-miss
395 http fetch GET 200 https://registry.npmjs.org/@rolldown%2fbinding-win32-arm64-msvc 108ms (cache miss)
396 silly packumentCache full:https://registry.npmjs.org/@rolldown%2fbinding-win32-arm64-msvc set size:undefined disposed:false
397 silly fetch manifest @rolldown/binding-android-arm64@1.0.0-rc.4
398 silly packumentCache full:https://registry.npmjs.org/@rolldown%2fbinding-android-arm64 cache-miss
399 http fetch GET 200 https://registry.npmjs.org/@rolldown%2fbinding-android-arm64 73ms (cache miss)
400 silly packumentCache full:https://registry.npmjs.org/@rolldown%2fbinding-android-arm64 set size:undefined disposed:false
401 silly fetch manifest @rolldown/binding-wasm32-wasi@1.0.0-rc.4
402 silly packumentCache full:https://registry.npmjs.org/@rolldown%2fbinding-wasm32-wasi cache-miss
403 http fetch GET 200 https://registry.npmjs.org/@rolldown%2fbinding-wasm32-wasi 118ms (cache miss)
404 silly packumentCache full:https://registry.npmjs.org/@rolldown%2fbinding-wasm32-wasi set size:undefined disposed:false
405 silly placeDep ROOT @rolldown/binding-android-arm64@1.0.0-rc.4 OK for: rolldown@1.0.0-rc.4 want: 1.0.0-rc.4
406 silly placeDep ROOT @rolldown/binding-darwin-arm64@1.0.0-rc.4 OK for: rolldown@1.0.0-rc.4 want: 1.0.0-rc.4
407 silly placeDep ROOT @rolldown/binding-darwin-x64@1.0.0-rc.4 OK for: rolldown@1.0.0-rc.4 want: 1.0.0-rc.4
408 silly placeDep ROOT @rolldown/binding-freebsd-x64@1.0.0-rc.4 OK for: rolldown@1.0.0-rc.4 want: 1.0.0-rc.4
409 silly placeDep ROOT @rolldown/binding-linux-arm-gnueabihf@1.0.0-rc.4 OK for: rolldown@1.0.0-rc.4 want: 1.0.0-rc.4
410 silly placeDep ROOT @rolldown/binding-linux-arm64-gnu@1.0.0-rc.4 OK for: rolldown@1.0.0-rc.4 want: 1.0.0-rc.4
411 silly placeDep ROOT @rolldown/binding-linux-arm64-musl@1.0.0-rc.4 OK for: rolldown@1.0.0-rc.4 want: 1.0.0-rc.4
412 silly placeDep ROOT @rolldown/binding-linux-x64-gnu@1.0.0-rc.4 OK for: rolldown@1.0.0-rc.4 want: 1.0.0-rc.4
413 silly placeDep ROOT @rolldown/binding-linux-x64-musl@1.0.0-rc.4 OK for: rolldown@1.0.0-rc.4 want: 1.0.0-rc.4
414 silly placeDep ROOT @rolldown/binding-openharmony-arm64@1.0.0-rc.4 OK for: rolldown@1.0.0-rc.4 want: 1.0.0-rc.4
415 silly placeDep ROOT @rolldown/binding-wasm32-wasi@1.0.0-rc.4 OK for: rolldown@1.0.0-rc.4 want: 1.0.0-rc.4
416 silly placeDep ROOT @rolldown/binding-win32-arm64-msvc@1.0.0-rc.4 OK for: rolldown@1.0.0-rc.4 want: 1.0.0-rc.4
417 silly fetch manifest @napi-rs/wasm-runtime@^1.1.1
418 silly packumentCache full:https://registry.npmjs.org/@napi-rs%2fwasm-runtime cache-miss
419 http fetch GET 200 https://registry.npmjs.org/@napi-rs%2fwasm-runtime 102ms (cache miss)
420 silly packumentCache full:https://registry.npmjs.org/@napi-rs%2fwasm-runtime set size:undefined disposed:false
421 silly fetch manifest @emnapi/core@^1.7.1
422 silly packumentCache full:https://registry.npmjs.org/@emnapi%2fcore cache-miss
423 http fetch GET 200 https://registry.npmjs.org/@emnapi%2fcore 526ms (cache miss)
424 silly packumentCache full:https://registry.npmjs.org/@emnapi%2fcore set size:undefined disposed:false
425 silly fetch manifest @emnapi/runtime@^1.7.1
426 silly packumentCache full:https://registry.npmjs.org/@emnapi%2fruntime cache-miss
427 http fetch GET 200 https://registry.npmjs.org/@emnapi%2fruntime 60ms (cache miss)
428 silly packumentCache full:https://registry.npmjs.org/@emnapi%2fruntime set size:undefined disposed:false
429 silly placeDep ROOT @napi-rs/wasm-runtime@1.1.6 OK for: @rolldown/binding-wasm32-wasi@1.0.0-rc.4 want: ^1.1.1
430 silly placeDep ROOT @emnapi/core@1.11.2 OK for: @napi-rs/wasm-runtime@1.1.6 want: ^1.7.1
431 silly placeDep ROOT @emnapi/runtime@1.11.2 OK for: @napi-rs/wasm-runtime@1.1.6 want: ^1.7.1
432 silly fetch manifest @tybys/wasm-util@^0.10.3
433 silly packumentCache full:https://registry.npmjs.org/@tybys%2fwasm-util cache-miss
434 silly fetch manifest @emnapi/wasi-threads@1.2.2
435 silly packumentCache full:https://registry.npmjs.org/@emnapi%2fwasi-threads cache-miss
436 http fetch GET 200 https://registry.npmjs.org/@tybys%2fwasm-util 68ms (cache miss)
437 silly packumentCache full:https://registry.npmjs.org/@tybys%2fwasm-util set size:undefined disposed:false
438 http fetch GET 200 https://registry.npmjs.org/@emnapi%2fwasi-threads 88ms (cache miss)
439 silly packumentCache full:https://registry.npmjs.org/@emnapi%2fwasi-threads set size:undefined disposed:false
440 silly placeDep ROOT @emnapi/wasi-threads@1.2.2 OK for: @emnapi/core@1.11.2 want: 1.2.2
441 silly placeDep ROOT @tybys/wasm-util@0.10.3 OK for: @napi-rs/wasm-runtime@1.1.6 want: ^0.10.3
442 silly fetch manifest fsevents@~2.3.2
443 silly packumentCache full:https://registry.npmjs.org/fsevents cache-miss
444 http fetch GET 200 https://registry.npmjs.org/fsevents 49ms (cache miss)
445 silly packumentCache full:https://registry.npmjs.org/fsevents set size:undefined disposed:false
446 silly fetch manifest @rollup/rollup-darwin-arm64@4.62.2
447 silly packumentCache full:https://registry.npmjs.org/@rollup%2frollup-darwin-arm64 cache-miss
448 http fetch GET 200 https://registry.npmjs.org/@rollup%2frollup-darwin-arm64 201ms (cache miss)
449 silly packumentCache full:https://registry.npmjs.org/@rollup%2frollup-darwin-arm64 set size:undefined disposed:false
450 silly fetch manifest @rollup/rollup-android-arm64@4.62.2
451 silly packumentCache full:https://registry.npmjs.org/@rollup%2frollup-android-arm64 cache-miss
452 http fetch GET 200 https://registry.npmjs.org/@rollup%2frollup-android-arm64 479ms (cache miss)
453 silly packumentCache full:https://registry.npmjs.org/@rollup%2frollup-android-arm64 set size:undefined disposed:false
454 silly fetch manifest @rollup/rollup-win32-arm64-msvc@4.62.2
455 silly packumentCache full:https://registry.npmjs.org/@rollup%2frollup-win32-arm64-msvc cache-miss
456 http fetch GET 200 https://registry.npmjs.org/@rollup%2frollup-win32-arm64-msvc 895ms (cache miss)
457 silly packumentCache full:https://registry.npmjs.org/@rollup%2frollup-win32-arm64-msvc set size:undefined disposed:false
458 silly fetch manifest @rollup/rollup-freebsd-arm64@4.62.2
459 silly packumentCache full:https://registry.npmjs.org/@rollup%2frollup-freebsd-arm64 cache-miss
460 http fetch GET 200 https://registry.npmjs.org/@rollup%2frollup-freebsd-arm64 210ms (cache miss)
461 silly packumentCache full:https://registry.npmjs.org/@rollup%2frollup-freebsd-arm64 set size:undefined disposed:false
462 silly fetch manifest @rollup/rollup-linux-arm64-gnu@4.62.2
463 silly packumentCache full:https://registry.npmjs.org/@rollup%2frollup-linux-arm64-gnu cache-miss
464 http fetch GET 200 https://registry.npmjs.org/@rollup%2frollup-linux-arm64-gnu 478ms (cache miss)
465 silly packumentCache full:https://registry.npmjs.org/@rollup%2frollup-linux-arm64-gnu set size:undefined disposed:false
466 silly fetch manifest @rollup/rollup-linux-arm64-musl@4.62.2
467 silly packumentCache full:https://registry.npmjs.org/@rollup%2frollup-linux-arm64-musl cache-miss
468 http fetch GET 200 https://registry.npmjs.org/@rollup%2frollup-linux-arm64-musl 751ms (cache miss)
469 silly packumentCache full:https://registry.npmjs.org/@rollup%2frollup-linux-arm64-musl set size:undefined disposed:false
470 silly fetch manifest @rollup/rollup-android-arm-eabi@4.62.2
471 silly packumentCache full:https://registry.npmjs.org/@rollup%2frollup-android-arm-eabi cache-miss
472 http fetch GET 200 https://registry.npmjs.org/@rollup%2frollup-android-arm-eabi 459ms (cache miss)
473 silly packumentCache full:https://registry.npmjs.org/@rollup%2frollup-android-arm-eabi set size:undefined disposed:false
474 silly fetch manifest @rollup/rollup-linux-arm-gnueabihf@4.62.2
475 silly packumentCache full:https://registry.npmjs.org/@rollup%2frollup-linux-arm-gnueabihf cache-miss
476 http fetch GET 200 https://registry.npmjs.org/@rollup%2frollup-linux-arm-gnueabihf 217ms (cache miss)
477 silly packumentCache full:https://registry.npmjs.org/@rollup%2frollup-linux-arm-gnueabihf set size:undefined disposed:false
478 silly fetch manifest @rollup/rollup-linux-arm-musleabihf@4.62.2
479 silly packumentCache full:https://registry.npmjs.org/@rollup%2frollup-linux-arm-musleabihf cache-miss
480 http fetch GET 200 https://registry.npmjs.org/@rollup%2frollup-linux-arm-musleabihf 220ms (cache miss)
481 silly packumentCache full:https://registry.npmjs.org/@rollup%2frollup-linux-arm-musleabihf set size:undefined disposed:false
482 silly fetch manifest @rollup/rollup-win32-ia32-msvc@4.62.2
483 silly packumentCache full:https://registry.npmjs.org/@rollup%2frollup-win32-ia32-msvc cache-miss
484 http fetch GET 200 https://registry.npmjs.org/@rollup%2frollup-win32-ia32-msvc 205ms (cache miss)
485 silly packumentCache full:https://registry.npmjs.org/@rollup%2frollup-win32-ia32-msvc set size:undefined disposed:false
486 silly fetch manifest @rollup/rollup-linux-loong64-gnu@4.62.2
487 silly packumentCache full:https://registry.npmjs.org/@rollup%2frollup-linux-loong64-gnu cache-miss
488 http fetch GET 200 https://registry.npmjs.org/@rollup%2frollup-linux-loong64-gnu 704ms (cache miss)
489 silly packumentCache full:https://registry.npmjs.org/@rollup%2frollup-linux-loong64-gnu set size:undefined disposed:false
490 silly fetch manifest @rollup/rollup-linux-loong64-musl@4.62.2
491 silly packumentCache full:https://registry.npmjs.org/@rollup%2frollup-linux-loong64-musl cache-miss
492 http fetch GET 200 https://registry.npmjs.org/@rollup%2frollup-linux-loong64-musl 465ms (cache miss)
493 silly packumentCache full:https://registry.npmjs.org/@rollup%2frollup-linux-loong64-musl set size:undefined disposed:false
494 silly fetch manifest @rollup/rollup-linux-riscv64-gnu@4.62.2
495 silly packumentCache full:https://registry.npmjs.org/@rollup%2frollup-linux-riscv64-gnu cache-miss
496 http fetch GET 200 https://registry.npmjs.org/@rollup%2frollup-linux-riscv64-gnu 444ms (cache miss)
497 silly packumentCache full:https://registry.npmjs.org/@rollup%2frollup-linux-riscv64-gnu set size:undefined disposed:false
498 silly fetch manifest @rollup/rollup-linux-riscv64-musl@4.62.2
499 silly packumentCache full:https://registry.npmjs.org/@rollup%2frollup-linux-riscv64-musl cache-miss
500 http fetch GET 200 https://registry.npmjs.org/@rollup%2frollup-linux-riscv64-musl 461ms (cache miss)
501 silly packumentCache full:https://registry.npmjs.org/@rollup%2frollup-linux-riscv64-musl set size:undefined disposed:false
502 silly fetch manifest @rollup/rollup-linux-ppc64-gnu@4.62.2
503 silly packumentCache full:https://registry.npmjs.org/@rollup%2frollup-linux-ppc64-gnu cache-miss
504 http fetch GET 200 https://registry.npmjs.org/@rollup%2frollup-linux-ppc64-gnu 428ms (cache miss)
505 silly packumentCache full:https://registry.npmjs.org/@rollup%2frollup-linux-ppc64-gnu set size:undefined disposed:false
506 silly fetch manifest @rollup/rollup-linux-ppc64-musl@4.62.2
507 silly packumentCache full:https://registry.npmjs.org/@rollup%2frollup-linux-ppc64-musl cache-miss
508 http fetch GET 200 https://registry.npmjs.org/@rollup%2frollup-linux-ppc64-musl 430ms (cache miss)
509 silly packumentCache full:https://registry.npmjs.org/@rollup%2frollup-linux-ppc64-musl set size:undefined disposed:false
510 silly fetch manifest @rollup/rollup-linux-s390x-gnu@4.62.2
511 silly packumentCache full:https://registry.npmjs.org/@rollup%2frollup-linux-s390x-gnu cache-miss
512 http fetch GET 200 https://registry.npmjs.org/@rollup%2frollup-linux-s390x-gnu 218ms (cache miss)
513 silly packumentCache full:https://registry.npmjs.org/@rollup%2frollup-linux-s390x-gnu set size:undefined disposed:false
514 silly fetch manifest @rollup/rollup-darwin-x64@4.62.2
515 silly packumentCache full:https://registry.npmjs.org/@rollup%2frollup-darwin-x64 cache-miss
516 http fetch GET 200 https://registry.npmjs.org/@rollup%2frollup-darwin-x64 206ms (cache miss)
517 silly packumentCache full:https://registry.npmjs.org/@rollup%2frollup-darwin-x64 set size:undefined disposed:false
518 silly fetch manifest @rollup/rollup-freebsd-x64@4.62.2
519 silly packumentCache full:https://registry.npmjs.org/@rollup%2frollup-freebsd-x64 cache-miss
520 http fetch GET 200 https://registry.npmjs.org/@rollup%2frollup-freebsd-x64 187ms (cache miss)
521 silly packumentCache full:https://registry.npmjs.org/@rollup%2frollup-freebsd-x64 set size:undefined disposed:false
522 silly fetch manifest @rollup/rollup-linux-x64-gnu@4.62.2
523 silly packumentCache full:https://registry.npmjs.org/@rollup%2frollup-linux-x64-gnu cache-miss
524 http fetch GET 200 https://registry.npmjs.org/@rollup%2frollup-linux-x64-gnu 217ms (cache miss)
525 silly packumentCache full:https://registry.npmjs.org/@rollup%2frollup-linux-x64-gnu set size:undefined disposed:false
526 silly fetch manifest @rollup/rollup-linux-x64-musl@4.62.2
527 silly packumentCache full:https://registry.npmjs.org/@rollup%2frollup-linux-x64-musl cache-miss
528 http fetch GET 200 https://registry.npmjs.org/@rollup%2frollup-linux-x64-musl 433ms (cache miss)
529 silly packumentCache full:https://registry.npmjs.org/@rollup%2frollup-linux-x64-musl set size:undefined disposed:false
530 silly fetch manifest @rollup/rollup-openbsd-x64@4.62.2
531 silly packumentCache full:https://registry.npmjs.org/@rollup%2frollup-openbsd-x64 cache-miss
532 http fetch GET 200 https://registry.npmjs.org/@rollup%2frollup-openbsd-x64 432ms (cache miss)
533 silly packumentCache full:https://registry.npmjs.org/@rollup%2frollup-openbsd-x64 set size:undefined disposed:false
534 silly fetch manifest @rollup/rollup-openharmony-arm64@4.62.2
535 silly packumentCache full:https://registry.npmjs.org/@rollup%2frollup-openharmony-arm64 cache-miss
536 http fetch GET 200 https://registry.npmjs.org/@rollup%2frollup-openharmony-arm64 187ms (cache miss)
537 silly packumentCache full:https://registry.npmjs.org/@rollup%2frollup-openharmony-arm64 set size:undefined disposed:false
538 silly placeDep ROOT @rollup/rollup-android-arm-eabi@4.62.2 OK for: rollup@4.62.2 want: 4.62.2
539 silly placeDep ROOT @rollup/rollup-android-arm64@4.62.2 OK for: rollup@4.62.2 want: 4.62.2
540 silly placeDep ROOT @rollup/rollup-darwin-arm64@4.62.2 OK for: rollup@4.62.2 want: 4.62.2
541 silly placeDep ROOT @rollup/rollup-darwin-x64@4.62.2 OK for: rollup@4.62.2 want: 4.62.2
542 silly placeDep ROOT @rollup/rollup-freebsd-arm64@4.62.2 OK for: rollup@4.62.2 want: 4.62.2
543 silly placeDep ROOT @rollup/rollup-freebsd-x64@4.62.2 OK for: rollup@4.62.2 want: 4.62.2
544 silly placeDep ROOT @rollup/rollup-linux-arm-gnueabihf@4.62.2 OK for: rollup@4.62.2 want: 4.62.2
545 silly placeDep ROOT @rollup/rollup-linux-arm-musleabihf@4.62.2 OK for: rollup@4.62.2 want: 4.62.2
546 silly placeDep ROOT @rollup/rollup-linux-arm64-gnu@4.62.2 OK for: rollup@4.62.2 want: 4.62.2
547 silly placeDep ROOT @rollup/rollup-linux-arm64-musl@4.62.2 OK for: rollup@4.62.2 want: 4.62.2
548 silly placeDep ROOT @rollup/rollup-linux-loong64-gnu@4.62.2 OK for: rollup@4.62.2 want: 4.62.2
549 silly placeDep ROOT @rollup/rollup-linux-loong64-musl@4.62.2 OK for: rollup@4.62.2 want: 4.62.2
550 silly placeDep ROOT @rollup/rollup-linux-ppc64-gnu@4.62.2 OK for: rollup@4.62.2 want: 4.62.2
551 silly placeDep ROOT @rollup/rollup-linux-ppc64-musl@4.62.2 OK for: rollup@4.62.2 want: 4.62.2
552 silly placeDep ROOT @rollup/rollup-linux-riscv64-gnu@4.62.2 OK for: rollup@4.62.2 want: 4.62.2
553 silly placeDep ROOT @rollup/rollup-linux-riscv64-musl@4.62.2 OK for: rollup@4.62.2 want: 4.62.2
554 silly placeDep ROOT @rollup/rollup-linux-s390x-gnu@4.62.2 OK for: rollup@4.62.2 want: 4.62.2
555 silly placeDep ROOT @rollup/rollup-linux-x64-gnu@4.62.2 OK for: rollup@4.62.2 want: 4.62.2
556 silly placeDep ROOT @rollup/rollup-linux-x64-musl@4.62.2 OK for: rollup@4.62.2 want: 4.62.2
557 silly placeDep ROOT @rollup/rollup-openbsd-x64@4.62.2 OK for: rollup@4.62.2 want: 4.62.2
558 silly placeDep ROOT @rollup/rollup-openharmony-arm64@4.62.2 OK for: rollup@4.62.2 want: 4.62.2
559 silly placeDep ROOT @rollup/rollup-win32-arm64-msvc@4.62.2 OK for: rollup@4.62.2 want: 4.62.2
560 silly placeDep ROOT @rollup/rollup-win32-ia32-msvc@4.62.2 OK for: rollup@4.62.2 want: 4.62.2
561 silly placeDep ROOT fsevents@2.3.3 OK for: rollup@4.62.2 want: ~2.3.2
562 silly reify mark retired [
562 silly reify   'C:\\Users\\PRANAY TEJA\\OneDrive\\Documents\\School Management\\school-management-ui\\node_modules\\rxjs'
562 silly reify ]
563 silly reify mark retired [
563 silly reify   'C:\\Users\\PRANAY TEJA\\OneDrive\\Documents\\School Management\\school-management-ui\\node_modules\\@angular\\common'
563 silly reify ]
564 silly reify moves {
564 silly reify   'C:\\Users\\PRANAY TEJA\\OneDrive\\Documents\\School Management\\school-management-ui\\node_modules\\rxjs': 'C:\\Users\\PRANAY TEJA\\OneDrive\\Documents\\School Management\\school-management-ui\\node_modules\\.rxjs-uIJfDYW0',
564 silly reify   'C:\\Users\\PRANAY TEJA\\OneDrive\\Documents\\School Management\\school-management-ui\\node_modules\\@angular\\common': 'C:\\Users\\PRANAY TEJA\\OneDrive\\Documents\\School Management\\school-management-ui\\node_modules\\@angular\\.common-u61e2Mlj'
564 silly reify }
565 http cache rxjs@https://registry.npmjs.org/rxjs/-/rxjs-7.8.2.tgz 0ms (cache hit)
566 http cache @angular/common@https://registry.npmjs.org/@angular/common/-/common-21.2.18.tgz 1ms (cache hit)
567 http cache @emnapi/wasi-threads@https://registry.npmjs.org/@emnapi/wasi-threads/-/wasi-threads-1.2.2.tgz 0ms (cache hit)
568 silly tarball no local data for rxjs@https://registry.npmjs.org/rxjs/-/rxjs-7.8.2.tgz. Extracting by manifest.
569 silly tarball no local data for @angular/common@https://registry.npmjs.org/@angular/common/-/common-21.2.18.tgz. Extracting by manifest.
570 silly tarball no local data for @emnapi/wasi-threads@https://registry.npmjs.org/@emnapi/wasi-threads/-/wasi-threads-1.2.2.tgz. Extracting by manifest.
571 http fetch GET 200 https://registry.npmjs.org/@emnapi/wasi-threads/-/wasi-threads-1.2.2.tgz 380ms (cache miss)
572 http fetch GET 200 https://registry.npmjs.org/rxjs/-/rxjs-7.8.2.tgz 51857ms (cache miss)
573 http fetch GET 200 https://registry.npmjs.org/@angular/common/-/common-21.2.18.tgz 154628ms (cache miss)
574 silly ADD node_modules/@emnapi/wasi-threads
575 silly CHANGE node_modules/@angular/common
576 silly CHANGE node_modules/rxjs
577 verbose cwd C:\Users\PRANAY TEJA\OneDrive\Documents\School Management\school-management-ui
578 verbose os Windows_NT 10.0.26200
579 verbose node v24.12.0
580 verbose npm  v11.6.2
581 notice
581 notice New minor version of npm available! 11.6.2 -> 11.18.0
581 notice Changelog: https://github.com/npm/cli/releases/tag/v11.18.0
581 notice To update run: npm install -g npm@11.18.0
581 notice  { force: true, Symbol(proc-log.meta): true }
582 verbose exit 0
583 info ok
